2025-12-28 14:54:00 | DEBUG   | atom.market:get_current_prices:29 | Fetching prices for 1 tickers: ['SBER']
2025-12-28 14:54:04 | DEBUG   | atom.market:get_current_prices:65 | Retrieved 1 prices
2025-12-28 14:54:04 | DEBUG   | atom.market:get_current_prices:29 | Fetching prices for 1 tickers: ['INVALID_TICKER_XYZ']
2025-12-28 14:54:06 | DEBUG   | atom.market:get_current_prices:65 | Retrieved 0 prices
2025-12-28 14:54:06 | DEBUG   | atom.market:get_current_prices:29 | Fetching prices for 3 tickers: ['SBER', 'GAZP', 'LKOH']
2025-12-28 14:54:09 | DEBUG   | atom.market:get_current_prices:65 | Retrieved 3 prices
2025-12-28 15:21:22 | INFO    | atom.api:startup_event:68 | 🚀 ATOM API Starting...
2025-12-28 15:21:22 | DEBUG   | atom.api:startup_event:69 | Registered routes:
2025-12-28 15:21:22 | DEBUG   | atom.api:startup_event:71 |   → /openapi.json (openapi)
2025-12-28 15:21:22 | DEBUG   | atom.api:startup_event:71 |   → /docs (custom_swagger_ui_html)
2025-12-28 15:21:22 | DEBUG   | atom.api:startup_event:71 |   → /redoc (redoc_html)
2025-12-28 15:21:22 | DEBUG   | atom.api:startup_event:71 |   → /test-docs (custom_docs)
2025-12-28 15:21:22 | DEBUG   | atom.api:startup_event:71 |   → / (read_root)
2025-12-28 15:21:22 | DEBUG   | atom.api:startup_event:71 |   → /trades/ (create_trade)
2025-12-28 15:21:22 | DEBUG   | atom.api:startup_event:71 |   → /trades/import (import_trades)
2025-12-28 15:21:22 | DEBUG   | atom.api:startup_event:71 |   → /trades/ (read_trades)
2025-12-28 15:21:22 | DEBUG   | atom.api:startup_event:71 |   → /trades/export (export_trades)
2025-12-28 15:21:22 | DEBUG   | atom.api:startup_event:71 |   → /trades/{trade_id} (update_trade)
2025-12-28 15:21:22 | DEBUG   | atom.api:startup_event:71 |   → /trades/{trade_id} (delete_trade)
2025-12-28 15:21:22 | DEBUG   | atom.api:startup_event:71 |   → /trades/{trade_id}/close (close_trade)
2025-12-28 15:21:22 | DEBUG   | atom.api:startup_event:71 |   → /trades/unrealized-pnl (get_unrealized_pnl)
2025-12-28 15:21:22 | DEBUG   | atom.api:startup_event:71 |   → /stats/ (get_stats)
2025-12-28 15:21:22 | DEBUG   | atom.api:startup_event:71 |   → /db-check (check_db)
2025-12-28 15:27:11 | INFO    | atom.api:startup_event:68 | 🚀 ATOM API Starting...
2025-12-28 15:27:11 | DEBUG   | atom.api:startup_event:69 | Registered routes:
2025-12-28 15:27:11 | DEBUG   | atom.api:startup_event:71 |   → /openapi.json (openapi)
2025-12-28 15:27:11 | DEBUG   | atom.api:startup_event:71 |   → /docs (custom_swagger_ui_html)
2025-12-28 15:27:11 | DEBUG   | atom.api:startup_event:71 |   → /redoc (redoc_html)
2025-12-28 15:27:11 | DEBUG   | atom.api:startup_event:71 |   → /test-docs (custom_docs)
2025-12-28 15:27:11 | DEBUG   | atom.api:startup_event:71 |   → / (read_root)
2025-12-28 15:27:11 | DEBUG   | atom.api:startup_event:71 |   → /trades/ (create_trade)
2025-12-28 15:27:11 | DEBUG   | atom.api:startup_event:71 |   → /trades/import (import_trades)
2025-12-28 15:27:11 | DEBUG   | atom.api:startup_event:71 |   → /trades/ (read_trades)
2025-12-28 15:27:11 | DEBUG   | atom.api:startup_event:71 |   → /trades/export (export_trades)
2025-12-28 15:27:11 | DEBUG   | atom.api:startup_event:71 |   → /trades/{trade_id} (update_trade)
2025-12-28 15:27:11 | DEBUG   | atom.api:startup_event:71 |   → /trades/{trade_id} (delete_trade)
2025-12-28 15:27:11 | DEBUG   | atom.api:startup_event:71 |   → /trades/{trade_id}/close (close_trade)
2025-12-28 15:27:11 | DEBUG   | atom.api:startup_event:71 |   → /trades/unrealized-pnl (get_unrealized_pnl)
2025-12-28 15:27:11 | DEBUG   | atom.api:startup_event:71 |   → /stats/ (get_stats)
2025-12-28 15:27:11 | DEBUG   | atom.api:startup_event:71 |   → /db-check (check_db)
2025-12-28 15:27:39 | INFO    | atom.api:startup_event:68 | 🚀 ATOM API Starting...
2025-12-28 15:27:39 | DEBUG   | atom.api:startup_event:69 | Registered routes:
2025-12-28 15:27:39 | DEBUG   | atom.api:startup_event:71 |   → /openapi.json (openapi)
2025-12-28 15:27:39 | DEBUG   | atom.api:startup_event:71 |   → /docs (custom_swagger_ui_html)
2025-12-28 15:27:39 | DEBUG   | atom.api:startup_event:71 |   → /redoc (redoc_html)
2025-12-28 15:27:39 | DEBUG   | atom.api:startup_event:71 |   → /test-docs (custom_docs)
2025-12-28 15:27:39 | DEBUG   | atom.api:startup_event:71 |   → / (read_root)
2025-12-28 15:27:39 | DEBUG   | atom.api:startup_event:71 |   → /trades/ (create_trade)
2025-12-28 15:27:39 | DEBUG   | atom.api:startup_event:71 |   → /trades/import (import_trades)
2025-12-28 15:27:39 | DEBUG   | atom.api:startup_event:71 |   → /trades/ (read_trades)
2025-12-28 15:27:39 | DEBUG   | atom.api:startup_event:71 |   → /trades/export (export_trades)
2025-12-28 15:27:39 | DEBUG   | atom.api:startup_event:71 |   → /trades/{trade_id} (update_trade)
2025-12-28 15:27:39 | DEBUG   | atom.api:startup_event:71 |   → /trades/{trade_id} (delete_trade)
2025-12-28 15:27:39 | DEBUG   | atom.api:startup_event:71 |   → /trades/{trade_id}/close (close_trade)
2025-12-28 15:27:39 | DEBUG   | atom.api:startup_event:71 |   → /trades/unrealized-pnl (get_unrealized_pnl)
2025-12-28 15:27:39 | DEBUG   | atom.api:startup_event:71 |   → /stats/ (get_stats)
2025-12-28 15:27:39 | DEBUG   | atom.api:startup_event:71 |   → /db-check (check_db)
2025-12-28 15:27:56 | INFO    | atom.api:startup_event:68 | 🚀 ATOM API Starting...
2025-12-28 15:27:56 | DEBUG   | atom.api:startup_event:69 | Registered routes:
2025-12-28 15:27:56 | DEBUG   | atom.api:startup_event:71 |   → /openapi.json (openapi)
2025-12-28 15:27:56 | DEBUG   | atom.api:startup_event:71 |   → /docs (custom_swagger_ui_html)
2025-12-28 15:27:56 | DEBUG   | atom.api:startup_event:71 |   → /redoc (redoc_html)
2025-12-28 15:27:56 | DEBUG   | atom.api:startup_event:71 |   → /test-docs (custom_docs)
2025-12-28 15:27:56 | DEBUG   | atom.api:startup_event:71 |   → / (read_root)
2025-12-28 15:27:56 | DEBUG   | atom.api:startup_event:71 |   → /trades/ (create_trade)
2025-12-28 15:27:56 | DEBUG   | atom.api:startup_event:71 |   → /trades/import (import_trades)
2025-12-28 15:27:56 | DEBUG   | atom.api:startup_event:71 |   → /trades/ (read_trades)
2025-12-28 15:27:56 | DEBUG   | atom.api:startup_event:71 |   → /trades/export (export_trades)
2025-12-28 15:27:56 | DEBUG   | atom.api:startup_event:71 |   → /trades/{trade_id} (update_trade)
2025-12-28 15:27:56 | DEBUG   | atom.api:startup_event:71 |   → /trades/{trade_id} (delete_trade)
2025-12-28 15:27:56 | DEBUG   | atom.api:startup_event:71 |   → /trades/{trade_id}/close (close_trade)
2025-12-28 15:27:56 | DEBUG   | atom.api:startup_event:71 |   → /trades/unrealized-pnl (get_unrealized_pnl)
2025-12-28 15:27:56 | DEBUG   | atom.api:startup_event:71 |   → /stats/ (get_stats)
2025-12-28 15:27:56 | DEBUG   | atom.api:startup_event:71 |   → /db-check (check_db)
2025-12-28 15:28:11 | INFO    | atom.api:startup_event:68 | 🚀 ATOM API Starting...
2025-12-28 15:28:11 | DEBUG   | atom.api:startup_event:69 | Registered routes:
2025-12-28 15:28:11 | DEBUG   | atom.api:startup_event:71 |   → /openapi.json (openapi)
2025-12-28 15:28:11 | DEBUG   | atom.api:startup_event:71 |   → /docs (custom_swagger_ui_html)
2025-12-28 15:28:11 | DEBUG   | atom.api:startup_event:71 |   → /redoc (redoc_html)
2025-12-28 15:28:11 | DEBUG   | atom.api:startup_event:71 |   → /test-docs (custom_docs)
2025-12-28 15:28:11 | DEBUG   | atom.api:startup_event:71 |   → / (read_root)
2025-12-28 15:28:11 | DEBUG   | atom.api:startup_event:71 |   → /trades/ (create_trade)
2025-12-28 15:28:11 | DEBUG   | atom.api:startup_event:71 |   → /trades/import (import_trades)
2025-12-28 15:28:11 | DEBUG   | atom.api:startup_event:71 |   → /trades/ (read_trades)
2025-12-28 15:28:11 | DEBUG   | atom.api:startup_event:71 |   → /trades/export (export_trades)
2025-12-28 15:28:11 | DEBUG   | atom.api:startup_event:71 |   → /trades/{trade_id} (update_trade)
2025-12-28 15:28:11 | DEBUG   | atom.api:startup_event:71 |   → /trades/{trade_id} (delete_trade)
2025-12-28 15:28:11 | DEBUG   | atom.api:startup_event:71 |   → /trades/{trade_id}/close (close_trade)
2025-12-28 15:28:11 | DEBUG   | atom.api:startup_event:71 |   → /trades/unrealized-pnl (get_unrealized_pnl)
2025-12-28 15:28:11 | DEBUG   | atom.api:startup_event:71 |   → /stats/ (get_stats)
2025-12-28 15:28:11 | DEBUG   | atom.api:startup_event:71 |   → /db-check (check_db)
2025-12-28 15:28:49 | INFO    | atom.api:startup_event:68 | 🚀 ATOM API Starting...
2025-12-28 15:28:49 | DEBUG   | atom.api:startup_event:69 | Registered routes:
2025-12-28 15:28:49 | DEBUG   | atom.api:startup_event:71 |   → /openapi.json (openapi)
2025-12-28 15:28:49 | DEBUG   | atom.api:startup_event:71 |   → /docs (custom_swagger_ui_html)
2025-12-28 15:28:49 | DEBUG   | atom.api:startup_event:71 |   → /redoc (redoc_html)
2025-12-28 15:28:49 | DEBUG   | atom.api:startup_event:71 |   → /test-docs (custom_docs)
2025-12-28 15:28:49 | DEBUG   | atom.api:startup_event:71 |   → / (read_root)
2025-12-28 15:28:49 | DEBUG   | atom.api:startup_event:71 |   → /trades/ (create_trade)
2025-12-28 15:28:49 | DEBUG   | atom.api:startup_event:71 |   → /trades/import (import_trades)
2025-12-28 15:28:49 | DEBUG   | atom.api:startup_event:71 |   → /trades/ (read_trades)
2025-12-28 15:28:49 | DEBUG   | atom.api:startup_event:71 |   → /trades/export (export_trades)
2025-12-28 15:28:49 | DEBUG   | atom.api:startup_event:71 |   → /trades/{trade_id} (update_trade)
2025-12-28 15:28:49 | DEBUG   | atom.api:startup_event:71 |   → /trades/{trade_id} (delete_trade)
2025-12-28 15:28:49 | DEBUG   | atom.api:startup_event:71 |   → /trades/{trade_id}/close (close_trade)
2025-12-28 15:28:49 | DEBUG   | atom.api:startup_event:71 |   → /trades/unrealized-pnl (get_unrealized_pnl)
2025-12-28 15:28:49 | DEBUG   | atom.api:startup_event:71 |   → /stats/ (get_stats)
2025-12-28 15:28:49 | DEBUG   | atom.api:startup_event:71 |   → /db-check (check_db)
2025-12-28 15:31:47 | INFO    | atom.api:startup_event:68 | 🚀 ATOM API Starting...
2025-12-28 15:31:47 | DEBUG   | atom.api:startup_event:69 | Registered routes:
2025-12-28 15:31:47 | DEBUG   | atom.api:startup_event:71 |   → /openapi.json (openapi)
2025-12-28 15:31:47 | DEBUG   | atom.api:startup_event:71 |   → /docs (custom_swagger_ui_html)
2025-12-28 15:31:47 | DEBUG   | atom.api:startup_event:71 |   → /redoc (redoc_html)
2025-12-28 15:31:47 | DEBUG   | atom.api:startup_event:71 |   → /test-docs (custom_docs)
2025-12-28 15:31:47 | DEBUG   | atom.api:startup_event:71 |   → / (read_root)
2025-12-28 15:31:47 | DEBUG   | atom.api:startup_event:71 |   → /trades/ (create_trade)
2025-12-28 15:31:47 | DEBUG   | atom.api:startup_event:71 |   → /trades/import (import_trades)
2025-12-28 15:31:47 | DEBUG   | atom.api:startup_event:71 |   → /trades/ (read_trades)
2025-12-28 15:31:47 | DEBUG   | atom.api:startup_event:71 |   → /trades/export (export_trades)
2025-12-28 15:31:47 | DEBUG   | atom.api:startup_event:71 |   → /trades/{trade_id} (update_trade)
2025-12-28 15:31:47 | DEBUG   | atom.api:startup_event:71 |   → /trades/{trade_id} (delete_trade)
2025-12-28 15:31:47 | DEBUG   | atom.api:startup_event:71 |   → /trades/{trade_id}/close (close_trade)
2025-12-28 15:31:47 | DEBUG   | atom.api:startup_event:71 |   → /trades/unrealized-pnl (get_unrealized_pnl)
2025-12-28 15:31:47 | DEBUG   | atom.api:startup_event:71 |   → /stats/ (get_stats)
2025-12-28 15:31:47 | DEBUG   | atom.api:startup_event:71 |   → /db-check (check_db)
2025-12-28 15:47:40 | DEBUG   | atom.market:get_current_prices:29 | Fetching prices for 15 tickers: ['RU000A0DKVS5', 'FLOT', 'RU000A10ANA1', 'SIBN', 'RU0009062285', 'TEST_FLIP', 'AFLT', 'ETZ5', 'T', 'TATN', 'RU0009033591', 'RU000A0JXNU8', 'RU000A107UL4', 'CNRU', 'RU0009062467']
2025-12-28 15:47:45 | DEBUG   | atom.market:get_current_prices:65 | Retrieved 6 prices
2025-12-28 15:47:49 | DEBUG   | atom.market:get_current_prices:29 | Fetching prices for 15 tickers: ['RU000A0DKVS5', 'FLOT', 'RU000A10ANA1', 'SIBN', 'RU0009062285', 'TEST_FLIP', 'AFLT', 'ETZ5', 'T', 'TATN', 'RU0009033591', 'RU000A0JXNU8', 'RU000A107UL4', 'CNRU', 'RU0009062467']
2025-12-28 15:47:52 | DEBUG   | atom.market:get_current_prices:65 | Retrieved 6 prices
2025-12-28 15:47:55 | DEBUG   | atom.market:get_current_prices:29 | Fetching prices for 15 tickers: ['RU000A0DKVS5', 'FLOT', 'RU000A10ANA1', 'SIBN', 'RU0009062285', 'TEST_FLIP', 'AFLT', 'ETZ5', 'T', 'TATN', 'RU0009033591', 'RU000A0JXNU8', 'RU000A107UL4', 'CNRU', 'RU0009062467']
2025-12-28 15:47:58 | DEBUG   | atom.market:get_current_prices:65 | Retrieved 6 prices
2025-12-28 15:48:03 | DEBUG   | atom.market:get_current_prices:29 | Fetching prices for 15 tickers: ['RU000A0DKVS5', 'FLOT', 'RU000A10ANA1', 'SIBN', 'RU0009062285', 'TEST_FLIP', 'AFLT', 'ETZ5', 'T', 'TATN', 'RU0009033591', 'RU000A0JXNU8', 'RU000A107UL4', 'CNRU', 'RU0009062467']
2025-12-28 15:48:06 | DEBUG   | atom.market:get_current_prices:65 | Retrieved 6 prices
2025-12-28 15:48:10 | DEBUG   | atom.market:get_current_prices:29 | Fetching prices for 15 tickers: ['RU000A0DKVS5', 'FLOT', 'RU000A10ANA1', 'SIBN', 'RU0009062285', 'TEST_FLIP', 'AFLT', 'ETZ5', 'T', 'TATN', 'RU0009033591', 'RU000A0JXNU8', 'RU000A107UL4', 'CNRU', 'RU0009062467']
2025-12-28 15:48:13 | DEBUG   | atom.market:get_current_prices:65 | Retrieved 6 prices
2025-12-28 15:48:19 | DEBUG   | atom.market:get_current_prices:29 | Fetching prices for 15 tickers: ['RU000A0DKVS5', 'FLOT', 'RU000A10ANA1', 'SIBN', 'RU0009062285', 'TEST_FLIP', 'AFLT', 'ETZ5', 'T', 'TATN', 'RU0009033591', 'RU000A0JXNU8', 'RU000A107UL4', 'CNRU', 'RU0009062467']
2025-12-28 15:48:22 | DEBUG   | atom.market:get_current_prices:65 | Retrieved 6 prices
2025-12-28 15:48:35 | DEBUG   | atom.market:get_current_prices:29 | Fetching prices for 15 tickers: ['RU000A0DKVS5', 'FLOT', 'RU000A10ANA1', 'SIBN', 'RU0009062285', 'TEST_FLIP', 'AFLT', 'ETZ5', 'T', 'TATN', 'RU0009033591', 'RU000A0JXNU8', 'RU000A107UL4', 'CNRU', 'RU0009062467']
2025-12-28 15:48:38 | DEBUG   | atom.market:get_current_prices:65 | Retrieved 6 prices
2025-12-28 15:48:44 | DEBUG   | atom.market:get_current_prices:29 | Fetching prices for 15 tickers: ['RU000A0DKVS5', 'FLOT', 'RU000A10ANA1', 'SIBN', 'RU0009062285', 'TEST_FLIP', 'AFLT', 'ETZ5', 'T', 'TATN', 'RU0009033591', 'RU000A0JXNU8', 'RU000A107UL4', 'CNRU', 'RU0009062467']
2025-12-28 15:48:47 | DEBUG   | atom.market:get_current_prices:65 | Retrieved 6 prices
2025-12-28 15:48:54 | DEBUG   | atom.market:get_current_prices:29 | Fetching prices for 15 tickers: ['RU000A0DKVS5', 'FLOT', 'RU000A10ANA1', 'SIBN', 'RU0009062285', 'TEST_FLIP', 'AFLT', 'ETZ5', 'T', 'TATN', 'RU0009033591', 'RU000A0JXNU8', 'RU000A107UL4', 'CNRU', 'RU0009062467']
2025-12-28 15:48:57 | DEBUG   | atom.market:get_current_prices:65 | Retrieved 6 prices
2025-12-28 15:49:06 | DEBUG   | atom.market:get_current_prices:29 | Fetching prices for 15 tickers: ['RU000A0DKVS5', 'FLOT', 'RU000A10ANA1', 'SIBN', 'RU0009062285', 'TEST_FLIP', 'AFLT', 'ETZ5', 'T', 'TATN', 'RU0009033591', 'RU000A0JXNU8', 'RU000A107UL4', 'CNRU', 'RU0009062467']
2025-12-28 15:49:09 | DEBUG   | atom.market:get_current_prices:65 | Retrieved 6 prices
2025-12-28 15:49:14 | DEBUG   | atom.market:get_current_prices:29 | Fetching prices for 15 tickers: ['RU000A0DKVS5', 'FLOT', 'RU000A10ANA1', 'SIBN', 'RU0009062285', 'TEST_FLIP', 'AFLT', 'ETZ5', 'T', 'TATN', 'RU0009033591', 'RU000A0JXNU8', 'RU000A107UL4', 'CNRU', 'RU0009062467']
2025-12-28 15:49:18 | DEBUG   | atom.market:get_current_prices:65 | Retrieved 6 prices
2025-12-28 15:49:25 | DEBUG   | atom.market:get_current_prices:29 | Fetching prices for 15 tickers: ['RU000A0DKVS5', 'FLOT', 'RU000A10ANA1', 'SIBN', 'RU0009062285', 'TEST_FLIP', 'AFLT', 'ETZ5', 'T', 'TATN', 'RU0009033591', 'RU000A0JXNU8', 'RU000A107UL4', 'CNRU', 'RU0009062467']
2025-12-28 15:49:29 | DEBUG   | atom.market:get_current_prices:65 | Retrieved 6 prices
2025-12-28 15:53:48 | INFO    | atom.api:startup_event:70 | 🚀 ATOM API Starting...
2025-12-28 15:53:48 | DEBUG   | atom.api:startup_event:71 | Registered routes:
2025-12-28 15:53:48 | DEBUG   | atom.api:startup_event:73 |   → /openapi.json (openapi)
2025-12-28 15:53:48 | DEBUG   | atom.api:startup_event:73 |   → /docs (custom_swagger_ui_html)
2025-12-28 15:53:48 | DEBUG   | atom.api:startup_event:73 |   → /redoc (redoc_html)
2025-12-28 15:53:48 | DEBUG   | atom.api:startup_event:73 |   → /test-docs (custom_docs)
2025-12-28 15:53:48 | DEBUG   | atom.api:startup_event:73 |   → / (read_root)
2025-12-28 15:53:48 | DEBUG   | atom.api:startup_event:73 |   → /trades/ (create_trade)
2025-12-28 15:53:48 | DEBUG   | atom.api:startup_event:73 |   → /trades/import (import_trades)
2025-12-28 15:53:48 | DEBUG   | atom.api:startup_event:73 |   → /trades/ (read_trades)
2025-12-28 15:53:48 | DEBUG   | atom.api:startup_event:73 |   → /trades/export (export_trades)
2025-12-28 15:53:48 | DEBUG   | atom.api:startup_event:73 |   → /trades/{trade_id} (update_trade)
2025-12-28 15:53:48 | DEBUG   | atom.api:startup_event:73 |   → /trades/{trade_id} (delete_trade)
2025-12-28 15:53:48 | DEBUG   | atom.api:startup_event:73 |   → /trades/{trade_id}/close (close_trade)
2025-12-28 15:53:48 | DEBUG   | atom.api:startup_event:73 |   → /trades/unrealized-pnl (get_unrealized_pnl)
2025-12-28 15:53:48 | DEBUG   | atom.api:startup_event:73 |   → /stats/ (get_stats)
2025-12-28 15:53:48 | DEBUG   | atom.api:startup_event:73 |   → /db-check (check_db)
2025-12-28 15:53:59 | INFO    | atom.api:startup_event:70 | 🚀 ATOM API Starting...
2025-12-28 15:53:59 | DEBUG   | atom.api:startup_event:71 | Registered routes:
2025-12-28 15:53:59 | DEBUG   | atom.api:startup_event:73 |   → /openapi.json (openapi)
2025-12-28 15:53:59 | DEBUG   | atom.api:startup_event:73 |   → /docs (custom_swagger_ui_html)
2025-12-28 15:53:59 | DEBUG   | atom.api:startup_event:73 |   → /redoc (redoc_html)
2025-12-28 15:53:59 | DEBUG   | atom.api:startup_event:73 |   → /test-docs (custom_docs)
2025-12-28 15:53:59 | DEBUG   | atom.api:startup_event:73 |   → / (read_root)
2025-12-28 15:53:59 | DEBUG   | atom.api:startup_event:73 |   → /trades/ (create_trade)
2025-12-28 15:53:59 | DEBUG   | atom.api:startup_event:73 |   → /trades/import (import_trades)
2025-12-28 15:53:59 | DEBUG   | atom.api:startup_event:73 |   → /trades/ (read_trades)
2025-12-28 15:53:59 | DEBUG   | atom.api:startup_event:73 |   → /trades/export (export_trades)
2025-12-28 15:53:59 | DEBUG   | atom.api:startup_event:73 |   → /trades/{trade_id} (update_trade)
2025-12-28 15:53:59 | DEBUG   | atom.api:startup_event:73 |   → /trades/{trade_id} (delete_trade)
2025-12-28 15:53:59 | DEBUG   | atom.api:startup_event:73 |   → /trades/{trade_id}/close (close_trade)
2025-12-28 15:53:59 | DEBUG   | atom.api:startup_event:73 |   → /trades/unrealized-pnl (get_unrealized_pnl)
2025-12-28 15:53:59 | DEBUG   | atom.api:startup_event:73 |   → /stats/ (get_stats)
2025-12-28 15:53:59 | DEBUG   | atom.api:startup_event:73 |   → /db-check (check_db)
2025-12-28 15:57:18 | INFO    | atom.api:startup_event:70 | 🚀 ATOM API Starting...
2025-12-28 15:57:18 | DEBUG   | atom.api:startup_event:71 | Registered routes:
2025-12-28 15:57:18 | DEBUG   | atom.api:startup_event:73 |   → /openapi.json (openapi)
2025-12-28 15:57:18 | DEBUG   | atom.api:startup_event:73 |   → /docs (custom_swagger_ui_html)
2025-12-28 15:57:18 | DEBUG   | atom.api:startup_event:73 |   → /redoc (redoc_html)
2025-12-28 15:57:18 | DEBUG   | atom.api:startup_event:73 |   → /test-docs (custom_docs)
2025-12-28 15:57:18 | DEBUG   | atom.api:startup_event:73 |   → / (read_root)
2025-12-28 15:57:18 | DEBUG   | atom.api:startup_event:73 |   → /trades/ (create_trade)
2025-12-28 15:57:18 | DEBUG   | atom.api:startup_event:73 |   → /trades/import (import_trades)
2025-12-28 15:57:18 | DEBUG   | atom.api:startup_event:73 |   → /trades/ (read_trades)
2025-12-28 15:57:18 | DEBUG   | atom.api:startup_event:73 |   → /trades/export (export_trades)
2025-12-28 15:57:18 | DEBUG   | atom.api:startup_event:73 |   → /trades/{trade_id} (update_trade)
2025-12-28 15:57:18 | DEBUG   | atom.api:startup_event:73 |   → /trades/{trade_id} (delete_trade)
2025-12-28 15:57:18 | DEBUG   | atom.api:startup_event:73 |   → /trades/{trade_id}/close (close_trade)
2025-12-28 15:57:18 | DEBUG   | atom.api:startup_event:73 |   → /trades/unrealized-pnl (get_unrealized_pnl)
2025-12-28 15:57:18 | DEBUG   | atom.api:startup_event:73 |   → /stats/ (get_stats)
2025-12-28 15:57:18 | DEBUG   | atom.api:startup_event:73 |   → /db-check (check_db)
2025-12-28 15:59:15 | INFO    | atom.api:startup_event:70 | 🚀 ATOM API Starting...
2025-12-28 15:59:15 | DEBUG   | atom.api:startup_event:71 | Registered routes:
2025-12-28 15:59:15 | DEBUG   | atom.api:startup_event:73 |   → /openapi.json (openapi)
2025-12-28 15:59:15 | DEBUG   | atom.api:startup_event:73 |   → /docs (custom_swagger_ui_html)
2025-12-28 15:59:15 | DEBUG   | atom.api:startup_event:73 |   → /redoc (redoc_html)
2025-12-28 15:59:15 | DEBUG   | atom.api:startup_event:73 |   → /test-docs (custom_docs)
2025-12-28 15:59:15 | DEBUG   | atom.api:startup_event:73 |   → / (read_root)
2025-12-28 15:59:15 | DEBUG   | atom.api:startup_event:73 |   → /trades/ (create_trade)
2025-12-28 15:59:15 | DEBUG   | atom.api:startup_event:73 |   → /trades/import (import_trades)
2025-12-28 15:59:15 | DEBUG   | atom.api:startup_event:73 |   → /trades/ (read_trades)
2025-12-28 15:59:15 | DEBUG   | atom.api:startup_event:73 |   → /trades/export (export_trades)
2025-12-28 15:59:15 | DEBUG   | atom.api:startup_event:73 |   → /trades/{trade_id} (update_trade)
2025-12-28 15:59:15 | DEBUG   | atom.api:startup_event:73 |   → /trades/{trade_id} (delete_trade)
2025-12-28 15:59:15 | DEBUG   | atom.api:startup_event:73 |   → /trades/{trade_id}/close (close_trade)
2025-12-28 15:59:15 | DEBUG   | atom.api:startup_event:73 |   → /trades/unrealized-pnl (get_unrealized_pnl)
2025-12-28 15:59:15 | DEBUG   | atom.api:startup_event:73 |   → /stats/ (get_stats)
2025-12-28 15:59:15 | DEBUG   | atom.api:startup_event:73 |   → /db-check (check_db)
2025-12-28 16:01:05 | INFO    | atom.api:startup_event:70 | 🚀 ATOM API Starting...
2025-12-28 16:01:05 | DEBUG   | atom.api:startup_event:71 | Registered routes:
2025-12-28 16:01:05 | DEBUG   | atom.api:startup_event:73 |   → /openapi.json (openapi)
2025-12-28 16:01:05 | DEBUG   | atom.api:startup_event:73 |   → /docs (custom_swagger_ui_html)
2025-12-28 16:01:05 | DEBUG   | atom.api:startup_event:73 |   → /redoc (redoc_html)
2025-12-28 16:01:05 | DEBUG   | atom.api:startup_event:73 |   → /test-docs (custom_docs)
2025-12-28 16:01:05 | DEBUG   | atom.api:startup_event:73 |   → / (read_root)
2025-12-28 16:01:05 | DEBUG   | atom.api:startup_event:73 |   → /trades/ (create_trade)
2025-12-28 16:01:05 | DEBUG   | atom.api:startup_event:73 |   → /trades/import (import_trades)
2025-12-28 16:01:05 | DEBUG   | atom.api:startup_event:73 |   → /trades/ (read_trades)
2025-12-28 16:01:05 | DEBUG   | atom.api:startup_event:73 |   → /trades/export (export_trades)
2025-12-28 16:01:05 | DEBUG   | atom.api:startup_event:73 |   → /trades/{trade_id} (update_trade)
2025-12-28 16:01:05 | DEBUG   | atom.api:startup_event:73 |   → /trades/{trade_id} (delete_trade)
2025-12-28 16:01:05 | DEBUG   | atom.api:startup_event:73 |   → /trades/{trade_id}/close (close_trade)
2025-12-28 16:01:05 | DEBUG   | atom.api:startup_event:73 |   → /trades/unrealized-pnl (get_unrealized_pnl)
2025-12-28 16:01:05 | DEBUG   | atom.api:startup_event:73 |   → /stats/ (get_stats)
2025-12-28 16:01:05 | DEBUG   | atom.api:startup_event:73 |   → /db-check (check_db)
2025-12-28 16:02:25 | INFO    | atom.api:startup_event:70 | 🚀 ATOM API Starting...
2025-12-28 16:02:25 | DEBUG   | atom.api:startup_event:71 | Registered routes:
2025-12-28 16:02:25 | DEBUG   | atom.api:startup_event:73 |   → /openapi.json (openapi)
2025-12-28 16:02:25 | DEBUG   | atom.api:startup_event:73 |   → /docs (custom_swagger_ui_html)
2025-12-28 16:02:25 | DEBUG   | atom.api:startup_event:73 |   → /redoc (redoc_html)
2025-12-28 16:02:25 | DEBUG   | atom.api:startup_event:73 |   → /test-docs (custom_docs)
2025-12-28 16:02:25 | DEBUG   | atom.api:startup_event:73 |   → / (read_root)
2025-12-28 16:02:25 | DEBUG   | atom.api:startup_event:73 |   → /trades/ (create_trade)
2025-12-28 16:02:25 | DEBUG   | atom.api:startup_event:73 |   → /trades/import (import_trades)
2025-12-28 16:02:25 | DEBUG   | atom.api:startup_event:73 |   → /trades/ (read_trades)
2025-12-28 16:02:25 | DEBUG   | atom.api:startup_event:73 |   → /trades/export (export_trades)
2025-12-28 16:02:25 | DEBUG   | atom.api:startup_event:73 |   → /trades/{trade_id} (update_trade)
2025-12-28 16:02:25 | DEBUG   | atom.api:startup_event:73 |   → /trades/{trade_id} (delete_trade)
2025-12-28 16:02:25 | DEBUG   | atom.api:startup_event:73 |   → /trades/{trade_id}/close (close_trade)
2025-12-28 16:02:25 | DEBUG   | atom.api:startup_event:73 |   → /trades/unrealized-pnl (get_unrealized_pnl)
2025-12-28 16:02:25 | DEBUG   | atom.api:startup_event:73 |   → /stats/ (get_stats)
2025-12-28 16:02:25 | DEBUG   | atom.api:startup_event:73 |   → /db-check (check_db)
2025-12-28 16:04:10 | INFO    | atom.api:startup_event:70 | 🚀 ATOM API Starting...
2025-12-28 16:04:10 | DEBUG   | atom.api:startup_event:71 | Registered routes:
2025-12-28 16:04:10 | DEBUG   | atom.api:startup_event:73 |   → /openapi.json (openapi)
2025-12-28 16:04:10 | DEBUG   | atom.api:startup_event:73 |   → /docs (custom_swagger_ui_html)
2025-12-28 16:04:10 | DEBUG   | atom.api:startup_event:73 |   → /redoc (redoc_html)
2025-12-28 16:04:10 | DEBUG   | atom.api:startup_event:73 |   → /test-docs (custom_docs)
2025-12-28 16:04:10 | DEBUG   | atom.api:startup_event:73 |   → / (read_root)
2025-12-28 16:04:10 | DEBUG   | atom.api:startup_event:73 |   → /trades/ (create_trade)
2025-12-28 16:04:10 | DEBUG   | atom.api:startup_event:73 |   → /trades/import (import_trades)
2025-12-28 16:04:10 | DEBUG   | atom.api:startup_event:73 |   → /trades/ (read_trades)
2025-12-28 16:04:10 | DEBUG   | atom.api:startup_event:73 |   → /trades/export (export_trades)
2025-12-28 16:04:10 | DEBUG   | atom.api:startup_event:73 |   → /trades/{trade_id} (update_trade)
2025-12-28 16:04:10 | DEBUG   | atom.api:startup_event:73 |   → /trades/{trade_id} (delete_trade)
2025-12-28 16:04:10 | DEBUG   | atom.api:startup_event:73 |   → /trades/{trade_id}/close (close_trade)
2025-12-28 16:04:10 | DEBUG   | atom.api:startup_event:73 |   → /trades/unrealized-pnl (get_unrealized_pnl)
2025-12-28 16:04:10 | DEBUG   | atom.api:startup_event:73 |   → /stats/ (get_stats)
2025-12-28 16:04:10 | DEBUG   | atom.api:startup_event:73 |   → /db-check (check_db)
2025-12-28 16:04:45 | INFO    | atom.api:startup_event:70 | 🚀 ATOM API Starting...
2025-12-28 16:04:45 | DEBUG   | atom.api:startup_event:71 | Registered routes:
2025-12-28 16:04:45 | DEBUG   | atom.api:startup_event:73 |   → /openapi.json (openapi)
2025-12-28 16:04:45 | DEBUG   | atom.api:startup_event:73 |   → /docs (custom_swagger_ui_html)
2025-12-28 16:04:45 | DEBUG   | atom.api:startup_event:73 |   → /redoc (redoc_html)
2025-12-28 16:04:45 | DEBUG   | atom.api:startup_event:73 |   → /test-docs (custom_docs)
2025-12-28 16:04:45 | DEBUG   | atom.api:startup_event:73 |   → / (read_root)
2025-12-28 16:04:45 | DEBUG   | atom.api:startup_event:73 |   → /trades/ (create_trade)
2025-12-28 16:04:45 | DEBUG   | atom.api:startup_event:73 |   → /trades/import (import_trades)
2025-12-28 16:04:45 | DEBUG   | atom.api:startup_event:73 |   → /trades/ (read_trades)
2025-12-28 16:04:45 | DEBUG   | atom.api:startup_event:73 |   → /trades/export (export_trades)
2025-12-28 16:04:45 | DEBUG   | atom.api:startup_event:73 |   → /trades/{trade_id} (update_trade)
2025-12-28 16:04:45 | DEBUG   | atom.api:startup_event:73 |   → /trades/{trade_id} (delete_trade)
2025-12-28 16:04:45 | DEBUG   | atom.api:startup_event:73 |   → /trades/{trade_id}/close (close_trade)
2025-12-28 16:04:45 | DEBUG   | atom.api:startup_event:73 |   → /trades/unrealized-pnl (get_unrealized_pnl)
2025-12-28 16:04:45 | DEBUG   | atom.api:startup_event:73 |   → /stats/ (get_stats)
2025-12-28 16:04:45 | DEBUG   | atom.api:startup_event:73 |   → /db-check (check_db)
2025-12-28 16:06:31 | INFO    | atom.api:startup_event:70 | 🚀 ATOM API Starting...
2025-12-28 16:06:31 | DEBUG   | atom.api:startup_event:71 | Registered routes:
2025-12-28 16:06:31 | DEBUG   | atom.api:startup_event:73 |   → /openapi.json (openapi)
2025-12-28 16:06:31 | DEBUG   | atom.api:startup_event:73 |   → /docs (custom_swagger_ui_html)
2025-12-28 16:06:31 | DEBUG   | atom.api:startup_event:73 |   → /redoc (redoc_html)
2025-12-28 16:06:31 | DEBUG   | atom.api:startup_event:73 |   → /test-docs (custom_docs)
2025-12-28 16:06:31 | DEBUG   | atom.api:startup_event:73 |   → / (read_root)
2025-12-28 16:06:31 | DEBUG   | atom.api:startup_event:73 |   → /trades/ (create_trade)
2025-12-28 16:06:31 | DEBUG   | atom.api:startup_event:73 |   → /trades/import (import_trades)
2025-12-28 16:06:31 | DEBUG   | atom.api:startup_event:73 |   → /trades/ (read_trades)
2025-12-28 16:06:31 | DEBUG   | atom.api:startup_event:73 |   → /trades/export (export_trades)
2025-12-28 16:06:31 | DEBUG   | atom.api:startup_event:73 |   → /trades/{trade_id} (update_trade)
2025-12-28 16:06:31 | DEBUG   | atom.api:startup_event:73 |   → /trades/{trade_id} (delete_trade)
2025-12-28 16:06:31 | DEBUG   | atom.api:startup_event:73 |   → /trades/{trade_id}/close (close_trade)
2025-12-28 16:06:31 | DEBUG   | atom.api:startup_event:73 |   → /trades/unrealized-pnl (get_unrealized_pnl)
2025-12-28 16:06:31 | DEBUG   | atom.api:startup_event:73 |   → /stats/ (get_stats)
2025-12-28 16:06:31 | DEBUG   | atom.api:startup_event:73 |   → /db-check (check_db)
2025-12-28 16:07:26 | INFO    | atom.api:startup_event:70 | 🚀 ATOM API Starting...
2025-12-28 16:07:26 | DEBUG   | atom.api:startup_event:71 | Registered routes:
2025-12-28 16:07:26 | DEBUG   | atom.api:startup_event:73 |   → /openapi.json (openapi)
2025-12-28 16:07:26 | DEBUG   | atom.api:startup_event:73 |   → /docs (custom_swagger_ui_html)
2025-12-28 16:07:26 | DEBUG   | atom.api:startup_event:73 |   → /redoc (redoc_html)
2025-12-28 16:07:26 | DEBUG   | atom.api:startup_event:73 |   → /test-docs (custom_docs)
2025-12-28 16:07:26 | DEBUG   | atom.api:startup_event:73 |   → / (read_root)
2025-12-28 16:07:26 | DEBUG   | atom.api:startup_event:73 |   → /trades/ (create_trade)
2025-12-28 16:07:26 | DEBUG   | atom.api:startup_event:73 |   → /trades/import (import_trades)
2025-12-28 16:07:26 | DEBUG   | atom.api:startup_event:73 |   → /trades/ (read_trades)
2025-12-28 16:07:26 | DEBUG   | atom.api:startup_event:73 |   → /trades/export (export_trades)
2025-12-28 16:07:26 | DEBUG   | atom.api:startup_event:73 |   → /trades/{trade_id} (update_trade)
2025-12-28 16:07:26 | DEBUG   | atom.api:startup_event:73 |   → /trades/{trade_id} (delete_trade)
2025-12-28 16:07:26 | DEBUG   | atom.api:startup_event:73 |   → /trades/{trade_id}/close (close_trade)
2025-12-28 16:07:26 | DEBUG   | atom.api:startup_event:73 |   → /trades/unrealized-pnl (get_unrealized_pnl)
2025-12-28 16:07:26 | DEBUG   | atom.api:startup_event:73 |   → /stats/ (get_stats)
2025-12-28 16:07:26 | DEBUG   | atom.api:startup_event:73 |   → /db-check (check_db)
2025-12-28 16:07:34 | INFO    | atom.api:startup_event:70 | 🚀 ATOM API Starting...
2025-12-28 16:07:34 | DEBUG   | atom.api:startup_event:71 | Registered routes:
2025-12-28 16:07:34 | DEBUG   | atom.api:startup_event:73 |   → /openapi.json (openapi)
2025-12-28 16:07:34 | DEBUG   | atom.api:startup_event:73 |   → /docs (custom_swagger_ui_html)
2025-12-28 16:07:34 | DEBUG   | atom.api:startup_event:73 |   → /redoc (redoc_html)
2025-12-28 16:07:34 | DEBUG   | atom.api:startup_event:73 |   → /test-docs (custom_docs)
2025-12-28 16:07:34 | DEBUG   | atom.api:startup_event:73 |   → / (read_root)
2025-12-28 16:07:34 | DEBUG   | atom.api:startup_event:73 |   → /trades/ (create_trade)
2025-12-28 16:07:34 | DEBUG   | atom.api:startup_event:73 |   → /trades/import (import_trades)
2025-12-28 16:07:34 | DEBUG   | atom.api:startup_event:73 |   → /trades/ (read_trades)
2025-12-28 16:07:34 | DEBUG   | atom.api:startup_event:73 |   → /trades/export (export_trades)
2025-12-28 16:07:34 | DEBUG   | atom.api:startup_event:73 |   → /trades/{trade_id} (update_trade)
2025-12-28 16:07:34 | DEBUG   | atom.api:startup_event:73 |   → /trades/{trade_id} (delete_trade)
2025-12-28 16:07:34 | DEBUG   | atom.api:startup_event:73 |   → /trades/{trade_id}/close (close_trade)
2025-12-28 16:07:34 | DEBUG   | atom.api:startup_event:73 |   → /trades/unrealized-pnl (get_unrealized_pnl)
2025-12-28 16:07:34 | DEBUG   | atom.api:startup_event:73 |   → /stats/ (get_stats)
2025-12-28 16:07:34 | DEBUG   | atom.api:startup_event:73 |   → /db-check (check_db)
2025-12-28 16:08:51 | INFO    | atom.api:startup_event:70 | 🚀 ATOM API Starting...
2025-12-28 16:08:51 | DEBUG   | atom.api:startup_event:71 | Registered routes:
2025-12-28 16:08:51 | DEBUG   | atom.api:startup_event:73 |   → /openapi.json (openapi)
2025-12-28 16:08:51 | DEBUG   | atom.api:startup_event:73 |   → /docs (custom_swagger_ui_html)
2025-12-28 16:08:51 | DEBUG   | atom.api:startup_event:73 |   → /redoc (redoc_html)
2025-12-28 16:08:51 | DEBUG   | atom.api:startup_event:73 |   → /test-docs (custom_docs)
2025-12-28 16:08:51 | DEBUG   | atom.api:startup_event:73 |   → / (read_root)
2025-12-28 16:08:51 | DEBUG   | atom.api:startup_event:73 |   → /trades/ (create_trade)
2025-12-28 16:08:51 | DEBUG   | atom.api:startup_event:73 |   → /trades/import (import_trades)
2025-12-28 16:08:51 | DEBUG   | atom.api:startup_event:73 |   → /trades/ (read_trades)
2025-12-28 16:08:51 | DEBUG   | atom.api:startup_event:73 |   → /trades/export (export_trades)
2025-12-28 16:08:51 | DEBUG   | atom.api:startup_event:73 |   → /trades/{trade_id} (update_trade)
2025-12-28 16:08:51 | DEBUG   | atom.api:startup_event:73 |   → /trades/{trade_id} (delete_trade)
2025-12-28 16:08:51 | DEBUG   | atom.api:startup_event:73 |   → /trades/{trade_id}/close (close_trade)
2025-12-28 16:08:51 | DEBUG   | atom.api:startup_event:73 |   → /trades/unrealized-pnl (get_unrealized_pnl)
2025-12-28 16:08:51 | DEBUG   | atom.api:startup_event:73 |   → /stats/ (get_stats)
2025-12-28 16:08:51 | DEBUG   | atom.api:startup_event:73 |   → /db-check (check_db)
2025-12-28 16:10:16 | INFO    | atom.api:startup_event:70 | 🚀 ATOM API Starting...
2025-12-28 16:10:16 | DEBUG   | atom.api:startup_event:71 | Registered routes:
2025-12-28 16:10:16 | DEBUG   | atom.api:startup_event:73 |   → /openapi.json (openapi)
2025-12-28 16:10:16 | DEBUG   | atom.api:startup_event:73 |   → /docs (custom_swagger_ui_html)
2025-12-28 16:10:16 | DEBUG   | atom.api:startup_event:73 |   → /redoc (redoc_html)
2025-12-28 16:10:16 | DEBUG   | atom.api:startup_event:73 |   → /test-docs (custom_docs)
2025-12-28 16:10:16 | DEBUG   | atom.api:startup_event:73 |   → / (read_root)
2025-12-28 16:10:16 | DEBUG   | atom.api:startup_event:73 |   → /trades/ (create_trade)
2025-12-28 16:10:16 | DEBUG   | atom.api:startup_event:73 |   → /trades/import (import_trades)
2025-12-28 16:10:16 | DEBUG   | atom.api:startup_event:73 |   → /trades/ (read_trades)
2025-12-28 16:10:16 | DEBUG   | atom.api:startup_event:73 |   → /trades/export (export_trades)
2025-12-28 16:10:16 | DEBUG   | atom.api:startup_event:73 |   → /trades/{trade_id} (update_trade)
2025-12-28 16:10:16 | DEBUG   | atom.api:startup_event:73 |   → /trades/{trade_id} (delete_trade)
2025-12-28 16:10:16 | DEBUG   | atom.api:startup_event:73 |   → /trades/{trade_id}/close (close_trade)
2025-12-28 16:10:16 | DEBUG   | atom.api:startup_event:73 |   → /trades/unrealized-pnl (get_unrealized_pnl)
2025-12-28 16:10:16 | DEBUG   | atom.api:startup_event:73 |   → /stats/ (get_stats)
2025-12-28 16:10:16 | DEBUG   | atom.api:startup_event:73 |   → /db-check (check_db)
2025-12-28 16:10:41 | INFO    | atom.api:startup_event:70 | 🚀 ATOM API Starting...
2025-12-28 16:10:41 | DEBUG   | atom.api:startup_event:71 | Registered routes:
2025-12-28 16:10:41 | DEBUG   | atom.api:startup_event:73 |   → /openapi.json (openapi)
2025-12-28 16:10:41 | DEBUG   | atom.api:startup_event:73 |   → /docs (custom_swagger_ui_html)
2025-12-28 16:10:41 | DEBUG   | atom.api:startup_event:73 |   → /redoc (redoc_html)
2025-12-28 16:10:41 | DEBUG   | atom.api:startup_event:73 |   → /test-docs (custom_docs)
2025-12-28 16:10:41 | DEBUG   | atom.api:startup_event:73 |   → / (read_root)
2025-12-28 16:10:41 | DEBUG   | atom.api:startup_event:73 |   → /trades/ (create_trade)
2025-12-28 16:10:41 | DEBUG   | atom.api:startup_event:73 |   → /trades/import (import_trades)
2025-12-28 16:10:41 | DEBUG   | atom.api:startup_event:73 |   → /trades/ (read_trades)
2025-12-28 16:10:41 | DEBUG   | atom.api:startup_event:73 |   → /trades/export (export_trades)
2025-12-28 16:10:41 | DEBUG   | atom.api:startup_event:73 |   → /trades/{trade_id} (update_trade)
2025-12-28 16:10:41 | DEBUG   | atom.api:startup_event:73 |   → /trades/{trade_id} (delete_trade)
2025-12-28 16:10:41 | DEBUG   | atom.api:startup_event:73 |   → /trades/{trade_id}/close (close_trade)
2025-12-28 16:10:41 | DEBUG   | atom.api:startup_event:73 |   → /trades/unrealized-pnl (get_unrealized_pnl)
2025-12-28 16:10:41 | DEBUG   | atom.api:startup_event:73 |   → /stats/ (get_stats)
2025-12-28 16:10:41 | DEBUG   | atom.api:startup_event:73 |   → /db-check (check_db)
2025-12-28 16:14:29 | INFO    | atom.api:startup_event:70 | 🚀 ATOM API Starting...
2025-12-28 16:14:29 | DEBUG   | atom.api:startup_event:71 | Registered routes:
2025-12-28 16:14:29 | DEBUG   | atom.api:startup_event:73 |   → /openapi.json (openapi)
2025-12-28 16:14:29 | DEBUG   | atom.api:startup_event:73 |   → /docs (custom_swagger_ui_html)
2025-12-28 16:14:29 | DEBUG   | atom.api:startup_event:73 |   → /redoc (redoc_html)
2025-12-28 16:14:29 | DEBUG   | atom.api:startup_event:73 |   → /test-docs (custom_docs)
2025-12-28 16:14:29 | DEBUG   | atom.api:startup_event:73 |   → / (read_root)
2025-12-28 16:14:29 | DEBUG   | atom.api:startup_event:73 |   → /trades/ (create_trade)
2025-12-28 16:14:29 | DEBUG   | atom.api:startup_event:73 |   → /trades/import (import_trades)
2025-12-28 16:14:29 | DEBUG   | atom.api:startup_event:73 |   → /trades/ (read_trades)
2025-12-28 16:14:29 | DEBUG   | atom.api:startup_event:73 |   → /trades/export (export_trades)
2025-12-28 16:14:29 | DEBUG   | atom.api:startup_event:73 |   → /trades/{trade_id} (update_trade)
2025-12-28 16:14:29 | DEBUG   | atom.api:startup_event:73 |   → /trades/{trade_id} (delete_trade)
2025-12-28 16:14:29 | DEBUG   | atom.api:startup_event:73 |   → /trades/{trade_id}/close (close_trade)
2025-12-28 16:14:29 | DEBUG   | atom.api:startup_event:73 |   → /trades/unrealized-pnl (get_unrealized_pnl)
2025-12-28 16:14:29 | DEBUG   | atom.api:startup_event:73 |   → /stats/ (get_stats)
2025-12-28 16:14:29 | DEBUG   | atom.api:startup_event:73 |   → /db-check (check_db)
2025-12-28 16:21:47 | INFO    | atom.api:startup_event:70 | 🚀 ATOM API Starting...
2025-12-28 16:21:47 | DEBUG   | atom.api:startup_event:71 | Registered routes:
2025-12-28 16:21:47 | DEBUG   | atom.api:startup_event:73 |   → /openapi.json (openapi)
2025-12-28 16:21:47 | DEBUG   | atom.api:startup_event:73 |   → /docs (custom_swagger_ui_html)
2025-12-28 16:21:47 | DEBUG   | atom.api:startup_event:73 |   → /redoc (redoc_html)
2025-12-28 16:21:47 | DEBUG   | atom.api:startup_event:73 |   → /test-docs (custom_docs)
2025-12-28 16:21:47 | DEBUG   | atom.api:startup_event:73 |   → / (read_root)
2025-12-28 16:21:47 | DEBUG   | atom.api:startup_event:73 |   → /trades/ (create_trade)
2025-12-28 16:21:47 | DEBUG   | atom.api:startup_event:73 |   → /trades/import (import_trades)
2025-12-28 16:21:47 | DEBUG   | atom.api:startup_event:73 |   → /trades/ (read_trades)
2025-12-28 16:21:47 | DEBUG   | atom.api:startup_event:73 |   → /trades/export (export_trades)
2025-12-28 16:21:47 | DEBUG   | atom.api:startup_event:73 |   → /trades/{trade_id} (update_trade)
2025-12-28 16:21:47 | DEBUG   | atom.api:startup_event:73 |   → /trades/{trade_id} (delete_trade)
2025-12-28 16:21:47 | DEBUG   | atom.api:startup_event:73 |   → /trades/{trade_id}/close (close_trade)
2025-12-28 16:21:47 | DEBUG   | atom.api:startup_event:73 |   → /trades/unrealized-pnl (get_unrealized_pnl)
2025-12-28 16:21:47 | DEBUG   | atom.api:startup_event:73 |   → /stats/ (get_stats)
2025-12-28 16:21:47 | DEBUG   | atom.api:startup_event:73 |   → /db-check (check_db)
2025-12-28 16:23:41 | INFO    | atom.api:startup_event:70 | 🚀 ATOM API Starting...
2025-12-28 16:23:41 | DEBUG   | atom.api:startup_event:71 | Registered routes:
2025-12-28 16:23:41 | DEBUG   | atom.api:startup_event:73 |   → /openapi.json (openapi)
2025-12-28 16:23:41 | DEBUG   | atom.api:startup_event:73 |   → /docs (custom_swagger_ui_html)
2025-12-28 16:23:41 | DEBUG   | atom.api:startup_event:73 |   → /redoc (redoc_html)
2025-12-28 16:23:41 | DEBUG   | atom.api:startup_event:73 |   → /test-docs (custom_docs)
2025-12-28 16:23:41 | DEBUG   | atom.api:startup_event:73 |   → / (read_root)
2025-12-28 16:23:41 | DEBUG   | atom.api:startup_event:73 |   → /trades/ (create_trade)
2025-12-28 16:23:41 | DEBUG   | atom.api:startup_event:73 |   → /trades/import (import_trades)
2025-12-28 16:23:41 | DEBUG   | atom.api:startup_event:73 |   → /trades/ (read_trades)
2025-12-28 16:23:41 | DEBUG   | atom.api:startup_event:73 |   → /trades/export (export_trades)
2025-12-28 16:23:41 | DEBUG   | atom.api:startup_event:73 |   → /trades/{trade_id} (update_trade)
2025-12-28 16:23:41 | DEBUG   | atom.api:startup_event:73 |   → /trades/{trade_id} (delete_trade)
2025-12-28 16:23:41 | DEBUG   | atom.api:startup_event:73 |   → /trades/{trade_id}/close (close_trade)
2025-12-28 16:23:41 | DEBUG   | atom.api:startup_event:73 |   → /trades/unrealized-pnl (get_unrealized_pnl)
2025-12-28 16:23:41 | DEBUG   | atom.api:startup_event:73 |   → /stats/ (get_stats)
2025-12-28 16:23:41 | DEBUG   | atom.api:startup_event:73 |   → /db-check (check_db)
2025-12-28 16:32:24 | INFO    | atom.api:startup_event:70 | 🚀 ATOM API Starting...
2025-12-28 16:32:24 | DEBUG   | atom.api:startup_event:71 | Registered routes:
2025-12-28 16:32:24 | DEBUG   | atom.api:startup_event:73 |   → /openapi.json (openapi)
2025-12-28 16:32:24 | DEBUG   | atom.api:startup_event:73 |   → /docs (custom_swagger_ui_html)
2025-12-28 16:32:24 | DEBUG   | atom.api:startup_event:73 |   → /redoc (redoc_html)
2025-12-28 16:32:24 | DEBUG   | atom.api:startup_event:73 |   → /test-docs (custom_docs)
2025-12-28 16:32:24 | DEBUG   | atom.api:startup_event:73 |   → / (read_root)
2025-12-28 16:32:24 | DEBUG   | atom.api:startup_event:73 |   → /trades/ (create_trade)
2025-12-28 16:32:24 | DEBUG   | atom.api:startup_event:73 |   → /trades/import (import_trades)
2025-12-28 16:32:24 | DEBUG   | atom.api:startup_event:73 |   → /trades/ (read_trades)
2025-12-28 16:32:24 | DEBUG   | atom.api:startup_event:73 |   → /trades/export (export_trades)
2025-12-28 16:32:24 | DEBUG   | atom.api:startup_event:73 |   → /trades/{trade_id} (update_trade)
2025-12-28 16:32:24 | DEBUG   | atom.api:startup_event:73 |   → /trades/{trade_id} (delete_trade)
2025-12-28 16:32:24 | DEBUG   | atom.api:startup_event:73 |   → /trades/{trade_id}/close (close_trade)
2025-12-28 16:32:24 | DEBUG   | atom.api:startup_event:73 |   → /trades/unrealized-pnl (get_unrealized_pnl)
2025-12-28 16:32:24 | DEBUG   | atom.api:startup_event:73 |   → /stats/ (get_stats)
2025-12-28 16:32:24 | DEBUG   | atom.api:startup_event:73 |   → /db-check (check_db)
2025-12-28 16:32:31 | INFO    | atom.api:startup_event:70 | 🚀 ATOM API Starting...
2025-12-28 16:32:31 | DEBUG   | atom.api:startup_event:71 | Registered routes:
2025-12-28 16:32:31 | DEBUG   | atom.api:startup_event:73 |   → /openapi.json (openapi)
2025-12-28 16:32:31 | DEBUG   | atom.api:startup_event:73 |   → /docs (custom_swagger_ui_html)
2025-12-28 16:32:31 | DEBUG   | atom.api:startup_event:73 |   → /redoc (redoc_html)
2025-12-28 16:32:31 | DEBUG   | atom.api:startup_event:73 |   → /test-docs (custom_docs)
2025-12-28 16:32:31 | DEBUG   | atom.api:startup_event:73 |   → / (read_root)
2025-12-28 16:32:31 | DEBUG   | atom.api:startup_event:73 |   → /trades/ (create_trade)
2025-12-28 16:32:31 | DEBUG   | atom.api:startup_event:73 |   → /trades/import (import_trades)
2025-12-28 16:32:31 | DEBUG   | atom.api:startup_event:73 |   → /trades/ (read_trades)
2025-12-28 16:32:31 | DEBUG   | atom.api:startup_event:73 |   → /trades/export (export_trades)
2025-12-28 16:32:31 | DEBUG   | atom.api:startup_event:73 |   → /trades/{trade_id} (update_trade)
2025-12-28 16:32:31 | DEBUG   | atom.api:startup_event:73 |   → /trades/{trade_id} (delete_trade)
2025-12-28 16:32:31 | DEBUG   | atom.api:startup_event:73 |   → /trades/{trade_id}/close (close_trade)
2025-12-28 16:32:31 | DEBUG   | atom.api:startup_event:73 |   → /trades/unrealized-pnl (get_unrealized_pnl)
2025-12-28 16:32:31 | DEBUG   | atom.api:startup_event:73 |   → /stats/ (get_stats)
2025-12-28 16:32:31 | DEBUG   | atom.api:startup_event:73 |   → /db-check (check_db)
2025-12-28 16:32:52 | INFO    | atom.api:startup_event:70 | 🚀 ATOM API Starting...
2025-12-28 16:32:52 | DEBUG   | atom.api:startup_event:71 | Registered routes:
2025-12-28 16:32:52 | DEBUG   | atom.api:startup_event:73 |   → /openapi.json (openapi)
2025-12-28 16:32:52 | DEBUG   | atom.api:startup_event:73 |   → /docs (custom_swagger_ui_html)
2025-12-28 16:32:52 | DEBUG   | atom.api:startup_event:73 |   → /redoc (redoc_html)
2025-12-28 16:32:52 | DEBUG   | atom.api:startup_event:73 |   → /test-docs (custom_docs)
2025-12-28 16:32:52 | DEBUG   | atom.api:startup_event:73 |   → / (read_root)
2025-12-28 16:32:52 | DEBUG   | atom.api:startup_event:73 |   → /trades/ (create_trade)
2025-12-28 16:32:52 | DEBUG   | atom.api:startup_event:73 |   → /trades/import (import_trades)
2025-12-28 16:32:52 | DEBUG   | atom.api:startup_event:73 |   → /trades/ (read_trades)
2025-12-28 16:32:52 | DEBUG   | atom.api:startup_event:73 |   → /trades/export (export_trades)
2025-12-28 16:32:52 | DEBUG   | atom.api:startup_event:73 |   → /trades/{trade_id} (update_trade)
2025-12-28 16:32:52 | DEBUG   | atom.api:startup_event:73 |   → /trades/{trade_id} (delete_trade)
2025-12-28 16:32:52 | DEBUG   | atom.api:startup_event:73 |   → /trades/{trade_id}/close (close_trade)
2025-12-28 16:32:52 | DEBUG   | atom.api:startup_event:73 |   → /trades/unrealized-pnl (get_unrealized_pnl)
2025-12-28 16:32:52 | DEBUG   | atom.api:startup_event:73 |   → /tags/ (get_all_tags)
2025-12-28 16:32:52 | DEBUG   | atom.api:startup_event:73 |   → /stats/ (get_stats)
2025-12-28 16:32:52 | DEBUG   | atom.api:startup_event:73 |   → /db-check (check_db)
2025-12-28 16:38:01 | INFO    | atom.api:startup_event:70 | 🚀 ATOM API Starting...
2025-12-28 16:38:01 | DEBUG   | atom.api:startup_event:71 | Registered routes:
2025-12-28 16:38:01 | DEBUG   | atom.api:startup_event:73 |   → /openapi.json (openapi)
2025-12-28 16:38:01 | DEBUG   | atom.api:startup_event:73 |   → /docs (custom_swagger_ui_html)
2025-12-28 16:38:01 | DEBUG   | atom.api:startup_event:73 |   → /redoc (redoc_html)
2025-12-28 16:38:01 | DEBUG   | atom.api:startup_event:73 |   → /test-docs (custom_docs)
2025-12-28 16:38:01 | DEBUG   | atom.api:startup_event:73 |   → / (read_root)
2025-12-28 16:38:01 | DEBUG   | atom.api:startup_event:73 |   → /trades/ (create_trade)
2025-12-28 16:38:01 | DEBUG   | atom.api:startup_event:73 |   → /trades/import (import_trades)
2025-12-28 16:38:01 | DEBUG   | atom.api:startup_event:73 |   → /trades/ (read_trades)
2025-12-28 16:38:01 | DEBUG   | atom.api:startup_event:73 |   → /trades/export (export_trades)
2025-12-28 16:38:01 | DEBUG   | atom.api:startup_event:73 |   → /trades/{trade_id} (update_trade)
2025-12-28 16:38:01 | DEBUG   | atom.api:startup_event:73 |   → /trades/{trade_id} (delete_trade)
2025-12-28 16:38:01 | DEBUG   | atom.api:startup_event:73 |   → /trades/{trade_id}/close (close_trade)
2025-12-28 16:38:01 | DEBUG   | atom.api:startup_event:73 |   → /trades/unrealized-pnl (get_unrealized_pnl)
2025-12-28 16:38:01 | DEBUG   | atom.api:startup_event:73 |   → /tags/ (get_all_tags)
2025-12-28 16:38:01 | DEBUG   | atom.api:startup_event:73 |   → /stats/ (get_stats)
2025-12-28 16:38:01 | DEBUG   | atom.api:startup_event:73 |   → /db-check (check_db)
2025-12-28 16:38:29 | INFO    | atom.api:startup_event:70 | 🚀 ATOM API Starting...
2025-12-28 16:38:29 | DEBUG   | atom.api:startup_event:71 | Registered routes:
2025-12-28 16:38:29 | DEBUG   | atom.api:startup_event:73 |   → /openapi.json (openapi)
2025-12-28 16:38:29 | DEBUG   | atom.api:startup_event:73 |   → /docs (custom_swagger_ui_html)
2025-12-28 16:38:29 | DEBUG   | atom.api:startup_event:73 |   → /redoc (redoc_html)
2025-12-28 16:38:29 | DEBUG   | atom.api:startup_event:73 |   → /test-docs (custom_docs)
2025-12-28 16:38:29 | DEBUG   | atom.api:startup_event:73 |   → / (read_root)
2025-12-28 16:38:29 | DEBUG   | atom.api:startup_event:73 |   → /trades/ (create_trade)
2025-12-28 16:38:29 | DEBUG   | atom.api:startup_event:73 |   → /trades/import (import_trades)
2025-12-28 16:38:29 | DEBUG   | atom.api:startup_event:73 |   → /trades/ (read_trades)
2025-12-28 16:38:29 | DEBUG   | atom.api:startup_event:73 |   → /trades/export (export_trades)
2025-12-28 16:38:29 | DEBUG   | atom.api:startup_event:73 |   → /trades/{trade_id} (update_trade)
2025-12-28 16:38:29 | DEBUG   | atom.api:startup_event:73 |   → /trades/{trade_id} (delete_trade)
2025-12-28 16:38:29 | DEBUG   | atom.api:startup_event:73 |   → /trades/{trade_id}/close (close_trade)
2025-12-28 16:38:29 | DEBUG   | atom.api:startup_event:73 |   → /trades/unrealized-pnl (get_unrealized_pnl)
2025-12-28 16:38:29 | DEBUG   | atom.api:startup_event:73 |   → /tags/ (get_all_tags)
2025-12-28 16:38:29 | DEBUG   | atom.api:startup_event:73 |   → /stats/ (get_stats)
2025-12-28 16:38:29 | DEBUG   | atom.api:startup_event:73 |   → /db-check (check_db)
