nohup: ignoring input
INFO:     Will watch for changes in these directories: ['/workspaces/ATOM/backend']
INFO:     Uvicorn running on http://0.0.0.0:8000 (Press CTRL+C to quit)
INFO:     Started reloader process [66088] using StatReload
INFO:     Started server process [66090]
INFO:     Waiting for application startup.
INFO:     Application startup complete.
WARNING:  StatReload detected changes in 'check_afks_shorts.py'. Reloading...
INFO:     Shutting down
INFO:     Waiting for application shutdown.
INFO:     Application shutdown complete.
INFO:     Finished server process [66090]
INFO:     Started server process [66314]
INFO:     Waiting for application startup.
INFO:     Application startup complete.
/usr/local/python/3.12.1/lib/python3.12/site-packages/openpyxl/styles/stylesheet.py:237: UserWarning: Workbook contains no default style, apply openpyxl's default
  warn("Workbook contains no default style, apply openpyxl's default")
/usr/local/python/3.12.1/lib/python3.12/site-packages/openpyxl/styles/stylesheet.py:237: UserWarning: Workbook contains no default style, apply openpyxl's default
  warn("Workbook contains no default style, apply openpyxl's default")
Registered routes:
 - /openapi.json (openapi)
 - /docs (custom_swagger_ui_html)
 - /redoc (redoc_html)
 - /test-docs (custom_docs)
 - / (read_root)
 - /trades/ (create_trade)
 - /trades/import (import_trades)
 - /trades/ (read_trades)
 - /trades/export (export_trades)
 - /trades/{trade_id} (delete_trade)
 - /trades/{trade_id}/close (close_trade)
 - /stats/ (get_stats)
 - /db-check (check_db)
Error parsing row 275: time data 'Дата заключения Время' does not match format '%d.%m.%Y %H:%M:%S'
Error parsing row 279: time data 'Дата заключения Время' does not match format '%d.%m.%Y %H:%M:%S'
INFO:     127.0.0.1:56798 - "POST /trades/import HTTP/1.1" 200 OK
WARNING:  StatReload detected changes in 'check_db_stats.py'. Reloading...
INFO:     Shutting down
INFO:     Waiting for application shutdown.
INFO:     Application shutdown complete.
INFO:     Finished server process [66314]
INFO:     Started server process [66876]
INFO:     Waiting for application startup.
INFO:     Application startup complete.
WARNING:  StatReload detected changes in 'check_short_symbols.py'. Reloading...
INFO:     Shutting down
INFO:     Waiting for application shutdown.
INFO:     Application shutdown complete.
INFO:     Finished server process [66876]
INFO:     Started server process [67577]
INFO:     Waiting for application startup.
INFO:     Application startup complete.
Registered routes:
 - /openapi.json (openapi)
 - /docs (custom_swagger_ui_html)
 - /redoc (redoc_html)
 - /test-docs (custom_docs)
 - / (read_root)
 - /trades/ (create_trade)
 - /trades/import (import_trades)
 - /trades/ (read_trades)
 - /trades/export (export_trades)
 - /trades/{trade_id} (delete_trade)
 - /trades/{trade_id}/close (close_trade)
 - /stats/ (get_stats)
 - /db-check (check_db)
INFO:     127.0.0.1:46922 - "GET /trades/?limit=5 HTTP/1.1" 200 OK
INFO:     127.0.0.1:43478 - "GET /trades/?limit=5000 HTTP/1.1" 200 OK
INFO:     62.60.237.237:0 - "GET /trades/ HTTP/1.1" 200 OK
/usr/local/python/3.12.1/lib/python3.12/site-packages/openpyxl/styles/stylesheet.py:237: UserWarning: Workbook contains no default style, apply openpyxl's default
  warn("Workbook contains no default style, apply openpyxl's default")
/usr/local/python/3.12.1/lib/python3.12/site-packages/openpyxl/styles/stylesheet.py:237: UserWarning: Workbook contains no default style, apply openpyxl's default
  warn("Workbook contains no default style, apply openpyxl's default")
Error parsing row 275: time data 'Дата заключения Время' does not match format '%d.%m.%Y %H:%M:%S'
Error parsing row 279: time data 'Дата заключения Время' does not match format '%d.%m.%Y %H:%M:%S'
INFO:     62.60.237.237:0 - "POST /trades/import HTTP/1.1" 200 OK
INFO:     62.60.237.237:0 - "GET /trades/ HTTP/1.1" 200 OK
INFO:     127.0.0.1:36110 - "GET /trades/?limit=1 HTTP/1.1" 200 OK
INFO:     127.0.0.1:37268 - "GET /trades/1 HTTP/1.1" 405 Method Not Allowed
WARNING:  StatReload detected changes in 'import_service.py'. Reloading...
INFO:     Shutting down
INFO:     Waiting for application shutdown.
INFO:     Application shutdown complete.
INFO:     Finished server process [67577]
INFO:     Started server process [71935]
INFO:     Waiting for application startup.
INFO:     Application startup complete.
WARNING:  StatReload detected changes in 'import_service.py'. Reloading...
INFO:     Shutting down
INFO:     Waiting for application shutdown.
INFO:     Application shutdown complete.
INFO:     Finished server process [71935]
WARNING:  StatReload detected changes in 'import_service.py'. Reloading...
INFO:     Started server process [72572]
INFO:     Waiting for application startup.
INFO:     Application startup complete.
INFO:     Started server process [72606]
INFO:     Waiting for application startup.
INFO:     Application startup complete.
WARNING:  StatReload detected changes in 'list_all_trades.py'. Reloading...
INFO:     Shutting down
INFO:     Waiting for application shutdown.
INFO:     Application shutdown complete.
INFO:     Finished server process [72606]
INFO:     Started server process [73141]
INFO:     Waiting for application startup.
INFO:     Application startup complete.
WARNING:  StatReload detected changes in 'find_afks.py'. Reloading...
INFO:     Shutting down
INFO:     Waiting for application shutdown.
INFO:     Application shutdown complete.
INFO:     Finished server process [73141]
INFO:     Started server process [74406]
INFO:     Waiting for application startup.
INFO:     Application startup complete.
WARNING:  StatReload detected changes in 'reimport_trades.py'. Reloading...
INFO:     Shutting down
INFO:     Waiting for application shutdown.
INFO:     Application shutdown complete.
INFO:     Finished server process [74406]
INFO:     Started server process [77873]
INFO:     Waiting for application startup.
INFO:     Application startup complete.
WARNING:  StatReload detected changes in 'import_service.py'. Reloading...
INFO:     Shutting down
INFO:     Waiting for application shutdown.
INFO:     Application shutdown complete.
INFO:     Finished server process [77873]
INFO:     Started server process [78731]
INFO:     Waiting for application startup.
INFO:     Application startup complete.
WARNING:  StatReload detected changes in 'import_service.py'. Reloading...
INFO:     Shutting down
INFO:     Waiting for application shutdown.
INFO:     Application shutdown complete.
INFO:     Finished server process [78731]
INFO:     Started server process [78884]
INFO:     Waiting for application startup.
INFO:     Application startup complete.
Registered routes:
 - /openapi.json (openapi)
 - /docs (custom_swagger_ui_html)
 - /redoc (redoc_html)
 - /test-docs (custom_docs)
 - / (read_root)
 - /trades/ (create_trade)
 - /trades/import (import_trades)
 - /trades/ (read_trades)
 - /trades/export (export_trades)
 - /trades/{trade_id} (delete_trade)
 - /trades/{trade_id}/close (close_trade)
 - /stats/ (get_stats)
 - /db-check (check_db)
INFO:     62.60.237.237:0 - "GET /trades/ HTTP/1.1" 200 OK
INFO:     62.60.237.237:0 - "GET /stats/ HTTP/1.1" 200 OK
INFO:     62.60.237.237:0 - "GET /trades/ HTTP/1.1" 200 OK
INFO:     62.60.237.237:0 - "GET /stats/ HTTP/1.1" 200 OK
INFO:     62.60.237.237:0 - "GET /trades/ HTTP/1.1" 200 OK
WARNING:  StatReload detected changes in 'inspect_trade_j.py'. Reloading...
INFO:     Shutting down
INFO:     Waiting for application shutdown.
INFO:     Application shutdown complete.
INFO:     Finished server process [78884]
INFO:     Started server process [82833]
INFO:     Waiting for application startup.
INFO:     Application startup complete.
WARNING:  StatReload detected changes in 'models.py'. Reloading...
INFO:     Shutting down
INFO:     Waiting for application shutdown.
INFO:     Application shutdown complete.
INFO:     Finished server process [82833]
INFO:     Started server process [83221]
INFO:     Waiting for application startup.
INFO:     Application startup complete.
WARNING:  StatReload detected changes in 'schemas.py'. Reloading...
INFO:     Shutting down
INFO:     Waiting for application shutdown.
INFO:     Application shutdown complete.
INFO:     Finished server process [83221]
INFO:     Started server process [83296]
INFO:     Waiting for application startup.
INFO:     Application startup complete.
WARNING:  StatReload detected changes in 'import_service.py'. Reloading...
INFO:     Shutting down
INFO:     Waiting for application shutdown.
INFO:     Application shutdown complete.
INFO:     Finished server process [83296]
INFO:     Started server process [83462]
INFO:     Waiting for application startup.
INFO:     Application startup complete.
WARNING:  StatReload detected changes in 'import_service.py'. Reloading...
INFO:     Shutting down
INFO:     Waiting for application shutdown.
INFO:     Application shutdown complete.
INFO:     Finished server process [83462]
INFO:     Started server process [83531]
INFO:     Waiting for application startup.
INFO:     Application startup complete.
WARNING:  StatReload detected changes in 'import_service.py'. Reloading...
INFO:     Shutting down
INFO:     Waiting for application shutdown.
INFO:     Application shutdown complete.
INFO:     Finished server process [83531]
INFO:     Started server process [83614]
INFO:     Waiting for application startup.
INFO:     Application startup complete.
Registered routes:
 - /openapi.json (openapi)
 - /docs (custom_swagger_ui_html)
 - /redoc (redoc_html)
 - /test-docs (custom_docs)
 - / (read_root)
 - /trades/ (create_trade)
 - /trades/import (import_trades)
 - /trades/ (read_trades)
 - /trades/export (export_trades)
 - /trades/{trade_id} (delete_trade)
 - /trades/{trade_id}/close (close_trade)
 - /stats/ (get_stats)
 - /db-check (check_db)
INFO:     62.60.237.237:0 - "GET /trades/ HTTP/1.1" 200 OK
INFO:     62.60.237.237:0 - "GET /trades/ HTTP/1.1" 200 OK
INFO:     62.60.237.237:0 - "GET /trades/ HTTP/1.1" 200 OK
INFO:     62.60.237.237:0 - "GET /trades/ HTTP/1.1" 200 OK
INFO:     62.60.237.237:0 - "GET /stats/ HTTP/1.1" 200 OK
INFO:     62.60.237.237:0 - "GET /trades/ HTTP/1.1" 200 OK
INFO:     62.60.237.237:0 - "GET /stats/ HTTP/1.1" 200 OK
INFO:     Shutting down
INFO:     Waiting for application shutdown.
INFO:     Application shutdown complete.
INFO:     Finished server process [83614]
INFO:     Stopping reloader process [66088]
