
> frontend@0.1.0 dev
> next dev

▲ Next.js 16.1.1 (Turbopack)
- Local:         http://localhost:3000
- Network:       http://10.0.2.138:3000

✓ Starting...
✓ Ready in 1489ms
○ Compiling / ...
 GET / 200 in 4.5s (compile: 4.2s, render: 290ms)
 GET /history 200 in 3.1s (compile: 2.7s, render: 422ms)
✓ Compiled in 801ms
✓ Compiled in 89ms
✓ Compiled in 86ms
✓ Compiled in 77ms
✓ Compiled in 66ms
 GET / 200 in 23ms (compile: 4ms, render: 19ms)
✓ Compiled in 151ms
✓ Compiled in 155ms
 GET /history 200 in 127ms (compile: 107ms, render: 20ms)
✓ Compiled in 648ms
 GET /history 200 in 347ms (compile: 162ms, render: 185ms)
 GET /history 200 in 109ms (compile: 10ms, render: 99ms)
 GET /history 200 in 58ms (compile: 5ms, render: 53ms)
 GET /history 200 in 62ms (compile: 3ms, render: 59ms)
 GET /history 200 in 198ms (compile: 8ms, render: 189ms)
